"398616f3-4fd8-4483-91c5-bea5933a7203","James Gray","NNTFRMNMZX","ACTIVE","2020-02-03"
"398616f3-4fd8-4483-91c5-bea5933a7203","James Gray","NNTFRMNMZX","ACTIVE","2020-02-03"
"398616f3-4fd8-4483-91c5-bea5933a7203","James Gray","NNTFRMNMZX","ACTIVE","2020-02-03"
"398616f3-4fd8-4483-91c5-bea5933a7203","James Gray","NNTFRMNMZX","ACTIVE","2020-02-03"
"398616f3-4fd8-4483-91c5-bea5933a7203","James Gray","NNTFRMNMZX","ACTIVE","2020-02-03"
"398616f3-4fd8-4483-91c5-bea5933a7203","James Gray","NNTFRMNMZX","ACTIVE","2020-02-03"
"398616f3-4fd8-4483-91c5-bea5933a7203","James Gray","NNTFRMNMZX","ACTIVE","2020-02-03"
