{"customer_id": "398616f3-4fd8-4483-91c5-bea5933a7203", "customer_name": "James Gray", "site_code": "NNTFRMNMZX", "status": "ACTIVE", "status_expiration_date": "2020-02-03"}
{"customer_id": "398616f3-4fd8-4483-91c5-bea5933a7203", "customer_name": "James Gray", "site_code": "NNTFRMNMZX", "status": "ACTIVE", "status_expiration_date": "2020-02-03"}
{"customer_id": "398616f3-4fd8-4483-91c5-bea5933a7203", "customer_name": "James Gray", "site_code": "NNTFRMNMZX", "status": "ACTIVE", "status_expiration_date": "2020-02-03"}
{"customer_id": "398616f3-4fd8-4483-91c5-bea5933a7203", "customer_name": "James Gray", "site_code": "NNTFRMNMZX", "status": "ACTIVE", "status_expiration_date": "2020-02-03"}
{"customer_id": "398616f3-4fd8-4483-91c5-bea5933a7203", "customer_name": "James Gray", "site_code": "NNTFRMNMZX", "status": "ACTIVE", "status_expiration_date": "2020-02-03"}
{"customer_id": "398616f3-4fd8-4483-91c5-bea5933a7203", "customer_name": "James Gray", "site_code": "NNTFRMNMZX", "status": "ACTIVE", "status_expiration_date": "2020-02-03"}
{"customer_id": "398616f3-4fd8-4483-91c5-bea5933a7203", "customer_name": "James Gray", "site_code": "NNTFRMNMZX", "status": "ACTIVE", "status_expiration_date": "2020-02-03"}
